{"set":["b", true]}
{"set":["ia", [1,2,3,4,5]]}
{"set":["i", 3]}
{"set":["f", 3.3]}
{"set":["fa", [1.0,2.0,3.0,4.0,5.0]]}
{"set":["s", "hello"]}
{"set":["sa", ["a","b","c","d"]]}